
==========================================================================
resizer report_tns
--------------------------------------------------------------------------
tns max 0.00

==========================================================================
resizer report_wns
--------------------------------------------------------------------------
wns max 0.00

==========================================================================
resizer report_worst_slack
--------------------------------------------------------------------------
worst slack max INF

==========================================================================
resizer report_clock_min_period
--------------------------------------------------------------------------
clk period_min = 0.00 fmax = inf

==========================================================================
resizer report_checks -path_delay min
--------------------------------------------------------------------------
No paths found.

==========================================================================
resizer report_checks -path_delay max
--------------------------------------------------------------------------
No paths found.

==========================================================================
resizer report_checks -unconstrained
--------------------------------------------------------------------------
Startpoint: in1 (input port)
Endpoint: sum (output port)
Path Group: unconstrained
Path Type: max

Fanout     Cap    Slew   Delay    Time   Description
-----------------------------------------------------------------------------
                          0.10    0.10 v input external delay
     1    0.01    0.00    0.00    0.10 v in1 (in)
                                         in1 (net)
                  0.00    0.00    0.10 v input2/A (sky130_fd_sc_hd__clkdlybuf4s50_1)
     1    0.01    0.08    0.43    0.53 v input2/X (sky130_fd_sc_hd__clkdlybuf4s50_1)
                                         net2 (net)
                  0.08    0.00    0.53 v _0_/A (sky130_fd_sc_hd__fa_1)
     1    0.00    0.05    0.54    1.07 ^ _0_/SUM (sky130_fd_sc_hd__fa_1)
                                         net5 (net)
                  0.05    0.00    1.07 ^ output5/A (sky130_fd_sc_hd__clkdlybuf4s50_1)
     1    0.00    0.06    0.48    1.55 ^ output5/X (sky130_fd_sc_hd__clkdlybuf4s50_1)
                                         sum (net)
                  0.06    0.00    1.55 ^ sum (out)
                                  1.55   data arrival time
-----------------------------------------------------------------------------
(Path is unconstrained)



==========================================================================
resizer report_check_types -max_slew -max_cap -max_fanout -violators
--------------------------------------------------------------------------

==========================================================================
resizer max_slew_check_slack
--------------------------------------------------------------------------
1.2101820707321167

==========================================================================
resizer max_slew_check_limit
--------------------------------------------------------------------------
1.4953149557113647

==========================================================================
resizer max_slew_check_slack_limit
--------------------------------------------------------------------------
0.8093

==========================================================================
resizer max_fanout_check_slack
--------------------------------------------------------------------------
1.0000000150474662e+30

==========================================================================
resizer max_fanout_check_limit
--------------------------------------------------------------------------
1.0000000150474662e+30

==========================================================================
resizer max_capacitance_check_slack
--------------------------------------------------------------------------
0.1276702880859375

==========================================================================
resizer max_capacitance_check_limit
--------------------------------------------------------------------------
0.15656499564647675

==========================================================================
resizer max_capacitance_check_slack_limit
--------------------------------------------------------------------------
0.8154

==========================================================================
resizer max_slew_violation_count
--------------------------------------------------------------------------
max slew violation count 0

==========================================================================
resizer max_fanout_violation_count
--------------------------------------------------------------------------
max fanout violation count 0

==========================================================================
resizer max_cap_violation_count
--------------------------------------------------------------------------
max cap violation count 0

==========================================================================
resizer setup_violation_count
--------------------------------------------------------------------------
setup violation count 0

==========================================================================
resizer hold_violation_count
--------------------------------------------------------------------------
hold violation count 0

==========================================================================
resizer critical path delay
--------------------------------------------------------------------------
-1

==========================================================================
resizer critical path slack
--------------------------------------------------------------------------
0

==========================================================================
resizer slack div critical path delay
--------------------------------------------------------------------------
0.000000

==========================================================================
resizer report_power
--------------------------------------------------------------------------
Group                  Internal  Switching    Leakage      Total
                          Power      Power      Power      Power (Watts)
----------------------------------------------------------------
Sequential             0.00e+00   0.00e+00   0.00e+00   0.00e+00   0.0%
Combinational          2.82e-06   1.45e-06   2.69e-11   4.27e-06 100.0%
Clock                  0.00e+00   0.00e+00   0.00e+00   0.00e+00   0.0%
Macro                  0.00e+00   0.00e+00   0.00e+00   0.00e+00   0.0%
Pad                    0.00e+00   0.00e+00   0.00e+00   0.00e+00   0.0%
----------------------------------------------------------------
Total                  2.82e-06   1.45e-06   2.69e-11   4.27e-06 100.0%
                          66.0%      34.0%       0.0%
