Yosys 0.67+ (git sha1 b88b73a99, Release, GNU /usr/bin/c++ 11.4.0) [github.com/The-OpenROAD-Project/yosys at HEAD]
Using ABC speed script.
Extracting clock period from SDC file: ./results/sky130hd/FullAdder/base/clock_period.txt
Setting clock period to 10
1. Executing Liberty frontend: /home/rj/Work/vlsi/tools/OpenROAD-flow-scripts/flow/platforms/sky130hd/lib/sky130_fd_sc_hd__tt_025C_1v80.lib
2. Executing Liberty frontend: /home/rj/Work/vlsi/tools/OpenROAD-flow-scripts/flow/platforms/sky130hd/lib/sky130_fd_sc_hd__tt_025C_1v80.lib
3. Executing Verilog-2005 frontend: designs/sky130hd/FullAdder/src/FullAdder.v
4. Executing Verilog-2005 frontend: /home/rj/Work/vlsi/tools/OpenROAD-flow-scripts/flow/platforms/sky130hd/cells_clkgate_hd.v
5. Executing HIERARCHY pass (managing design hierarchy).
6. Executing AST frontend in derive mode using pre-parsed AST for module `\FullAdder'.
6.1. Analyzing design hierarchy..
6.2. Analyzing design hierarchy..
7. Executing OPT_CLEAN pass (remove unused cells and wires).
8. Executing RTLIL backend.
End of script. Logfile hash: 44ba0ff3e3, time: 0.21s, user: 0.13s, system: 0.06s, MEM: 56.12 MB peak
Yosys 0.67+ (git sha1 b88b73a99, Release, GNU /usr/bin/c++ 11.4.0) [github.com/The-OpenROAD-Project/yosys at HEAD]
Time spent: 84% 4x read_liberty (0 sec), 5% 4x read_verilog (0 sec), ...
Elapsed time: 0:00.22[h:]min:sec. CPU time: user 0.14 sys 0.07 (93%). Peak memory: 60032KB.
Log                       Ext     Elapsed/s Peak Memory/MB sha1sum result [0:20)
1_1_yosys_canonicalize    .rtlil          0             58 14a5a3df9098c0ca8bd5
